Category Borders 2
                           b
             ╌╌╌╌╌╌╌╌╌╌╌╌╌╌╌╌╌╌╌╌╌╌╌╌╌╌╌
                     bg1
             ╌╌╌╌╌╌╌╌╌╌╌╌╌╌╌╌╌╌╌
                 b1       b2       b3
             ╌╌╌╌╌╌╌╌╌╌╌╌╌╌╌╌╌╌╌╌╌╌╌╌╌╌╌
                  a        a        a
             ╌╌╌╌╌╌╌╌╌╌╌╌╌╌╌╌╌╌╌╌╌╌╌╌╌╌╌
                  ag1      ag1      ag1
                ╌╌╌╌╌╌╌  ╌╌╌╌╌╌╌  ╌╌╌╌╌╌
d      c      a1 a2 a3 a1 a2 a3 a1 a2 a3
dg1┊d1┊c1      0  1  2  3  4  5  6  7  8
   ┊  ┊cg1┊c2  9 10 11 12 13 14 15 16 17
   ┊  ┊   ┊c3 18 19 20 21 22 23 24 25 26
   ┊d2┊c1     27 28 29 30 31 32 33 34 35
   ┊  ┊cg1┊c2 36 37 38 39 40 41 42 43 44
   ┊  ┊   ┊c3 45 46 47 48 49 50 51 52 53
d3    ┊c1     54 55 56 57 58 59 60 61 62
      ┊cg1┊c2 63 64 65 66 67 68 69 70 71
      ┊   ┊c3 72 73 74 75 76 77 78 79 80
