Rows
╭──────────┬──╮
│b b1 b2 a1│ 0│
│        a2│ 1│
│        a3│ 2│
│ ╶────────┼──┤
│  b3    a1│ 3│
│        a2│ 4│
│        a3│ 5│
├──────────┼──┤
│c c1    a1│ 6│
│        a2│ 7│
│        a3│ 8│
├──────────┼──┤
│d       a1│ 9│
│        a2│10│
│        a3│11│
├──────────┼──┤
│e       a1│12│
│        a2│13│
│        a3│14│
╰──────────┴──╯
