Pivot Table with Numeric Superscript Footnotes[*]
╭───────────┬─────────────────╮
│           │       A[*]      │
│           ├───────┬─────────┤
│Corner[*,2]│  B[2] │  C[*,2] │
├───────────┼───────┼─────────┤
│D[2] E[*]  │    .00│  1.00[*]│
│     F[*,2]│2.00[2]│3.00[*,2]│
╰───────────┴───────┴─────────╯
Caption[*]
*. First footnote
2. Second footnote
