Pivot Table with Alphabetic Subscript Footnotes[*]
╭───────────┬─────────────────╮
│           │       A[*]      │
│           ├───────┬─────────┤
│Corner[*,b]│  B[b] │  C[*,b] │
├───────────┼───────┼─────────┤
│D[b] E[*]  │    .00│  1.00[*]│
│     F[*,b]│2.00[b]│3.00[*,b]│
╰───────────┴───────┴─────────╯
Caption[*]
*. First footnote
b. Second footnote
