                              Testcase 1
                    Frequency│Percent│Valid Percent│Cumulative Percent
─────────────────────────────┼───────┼─────────────┼──────────────────
Valid   >2 years            1│     .5│           .5│                .5
       ╶─────────────────────┼───────┼─────────────┼──────────────────
        2-5 years          17│    7.9│          8.0│               8.5
       ╶─────────────────────┼───────┼─────────────┼──────────────────
        6-10 years        122│   57.0│         57.3│              65.7
       ╶─────────────────────┼───────┼─────────────┼──────────────────
        11-15 years        45│   21.0│         21.1│              86.9
       ╶─────────────────────┼───────┼─────────────┼──────────────────
        16-20 years        18│    8.4│          8.5│              95.3
       ╶─────────────────────┼───────┼─────────────┼──────────────────
        >20 years          10│    4.7│          4.7│             100.0
       ╶─────────────────────┼───────┼─────────────┼──────────────────
        Total             213│   99.5│        100.0│
─────────────────────────────┼───────┼─────────────┼──────────────────
Missing System              1│     .5│             │
─────────────────────────────┼───────┼─────────────┼──────────────────
Total                     214│  100.0│             │
─────────────────────────────┴───────┴─────────────┴──────────────────
