                          Contrast Results (K Matrix)
                                                             Dependent Variable
Variable Polynomial Contrast[a]                                     xxxxx
───────────────────────────────────────────────────────────────────────────────
Linear    Contrast Estimate                                                .147
         ╶─────────────────────────────────────────────────────────────────────
          Hypothesized Value                                                  0
         ╶─────────────────────────────────────────────────────────────────────
          Difference (Estimate - Hypothesized)                             .147
         ╶─────────────────────────────────────────────────────────────────────
          Std. Error                                                       .076
         ╶─────────────────────────────────────────────────────────────────────
          Sig.                                                             .062
         ╶─────────────────────────────────────────────────────────────────────
          95% Confidence Interval for Difference Lower Bound              -.008
                                                ╶──────────────────────────────
                                                 Upper Bound               .302
───────────────────────────────────────────────────────────────────────────────
Quadratic Contrast Estimate                                               -.033
         ╶─────────────────────────────────────────────────────────────────────
          Hypothesized Value                                                  0
         ╶─────────────────────────────────────────────────────────────────────
          Difference (Estimate - Hypothesized)                            -.033
         ╶─────────────────────────────────────────────────────────────────────
          Std. Error                                                       .076
         ╶─────────────────────────────────────────────────────────────────────
          Sig.                                                             .666
         ╶─────────────────────────────────────────────────────────────────────
          95% Confidence Interval for Difference Lower Bound              -.188
                                                ╶──────────────────────────────
                                                 Upper Bound               .122
───────────────────────────────────────────────────────────────────────────────
a. Metric = 1,000, 2,000, 3,000
