                          Excluded Variables[d]
╭──────┬────────┬──────┬────┬───────────────────┬───────────────────────╮
│Model │        │      │    │                   │Collinearity Statistics│
│      │        │      │    │                   ├───────────────────────┤
│      │ Beta In│   t  │Sig.│Partial Correlation│       Tolerance       │
├──────┼────────┼──────┼────┼───────────────────┼───────────────────────┤
│1   A │-.304[a]│-2.216│.032│              -.317│                   .987│
│    B │ .611[a]│ 5.532│.000│               .641│                   .999│
│    C │ .394[a]│ 2.964│.005│               .408│                   .975│
│    D │ .535[a]│ 4.415│.000│               .554│                   .976│
│    E │-.239[a]│-1.704│.095│              -.249│                   .982│
│    F │ .615[a]│ 5.558│.000│               .642│                   .990│
│    G │ .531[a]│ 4.390│.000│               .552│                   .981│
├──────┼────────┼──────┼────┼───────────────────┼───────────────────────┤
│2   D │ .399[b]│ 1.908│.063│               .286│                   .270│
│    E │ .762[b]│ 1.598│.118│               .242│                   .053│
│    F │ .512[b]│ 1.713│.094│               .258│                   .135│
│    G │ .648[b]│ 2.154│.037│               .319│                   .128│
├──────┼────────┼──────┼────┼───────────────────┼───────────────────────┤
│3   E │ .598[c]│ 1.250│.219│               .194│                   .051│
│    F │-.053[c]│ -.070│.945│              -.011│                   .021│
│    G │ .784[c]│  .964│.341│               .151│                   .018│
╰──────┴────────┴──────┴────┴───────────────────┴───────────────────────╯
a. Footnote content a
b. Footnote content b
c. Footnote content c
d. Footnote content d
