T-Test

                 One-Sample Statistics
╭─────────────┬──┬─────┬──────────────┬───────────────╮
│             │ N│ Mean│Std. Deviation│Std. Error Mean│
├─────────────┼──┼─────┼──────────────┼───────────────┤
│Variable Name│10│47.30│         2.669│           .844│
╰─────────────┴──┴─────┴──────────────┴───────────────╯

                                           One-Sample Test
╭─────────────┬────────────────────────────────────────────────────────────────────────────────────╮
│             │                Test Value = 50                                                     │
│             ├──────┬──┬───────────────┬───────────────┬──────────────────────────────────────────┤
│             │      │  │               │               │ 95% Confidence Interval of the Difference│
│             │      │  │               │               ├─────────────────────┬────────────────────┤
│             │   t  │df│Sig. (2-tailed)│Mean Difference│        Lower        │        Upper       │
├─────────────┼──────┼──┼───────────────┼───────────────┼─────────────────────┼────────────────────┤
│Variable Name│-3.199│ 9│           .011│         -2.700│                -4.61│                -.79│
╰─────────────┴──────┴──┴───────────────┴───────────────┴─────────────────────┴────────────────────╯
