                                           Correlations
╭──────────────────────────────┬──────────┬──────────┬──────────┬──────────┬──────────┬──────────╮
│                              │Variable A│Variable B│Variable C│Variable D│Variable E│Variable F│
├──────────────────────────────┼──────────┼──────────┼──────────┼──────────┼──────────┼──────────┤
│Variable A Pearson Correlation│         1│      .223│   .245[*]│   .293[*]│  .461[**]│  .687[**]│
│           Sig. (2-tailed)    │          │      .056│      .035│      .011│      .000│      .000│
│           N                  │        74│        74│        74│        74│        74│        74│
├──────────────────────────────┼──────────┼──────────┼──────────┼──────────┼──────────┼──────────┤
│Variable B Pearson Correlation│      .223│         1│  .982[**]│  .635[**]│  .320[**]│  .386[**]│
│           Sig. (2-tailed)    │      .056│          │      .000│      .000│      .005│      .001│
│           N                  │        74│        74│        74│        74│        74│        74│
├──────────────────────────────┼──────────┼──────────┼──────────┼──────────┼──────────┼──────────┤
│Variable C Pearson Correlation│   .245[*]│  .982[**]│         1│  .665[**]│  .342[**]│  .404[**]│
│           Sig. (2-tailed)    │      .035│      .000│          │      .000│      .003│      .000│
│           N                  │        74│        74│        74│        74│        74│        74│
├──────────────────────────────┼──────────┼──────────┼──────────┼──────────┼──────────┼──────────┤
│Variable D Pearson Correlation│   .293[*]│  .635[**]│  .665[**]│         1│  .339[**]│  .513[**]│
│           Sig. (2-tailed)    │      .011│      .000│      .000│          │      .003│      .000│
│           N                  │        74│        74│        74│        74│        74│        74│
├──────────────────────────────┼──────────┼──────────┼──────────┼──────────┼──────────┼──────────┤
│Variable E Pearson Correlation│  .461[**]│  .320[**]│  .342[**]│  .339[**]│         1│  .663[**]│
│           Sig. (2-tailed)    │      .000│      .005│      .003│      .003│          │      .000│
│           N                  │        74│        74│        74│        74│        74│        74│
├──────────────────────────────┼──────────┼──────────┼──────────┼──────────┼──────────┼──────────┤
│Variable F Pearson Correlation│  .687[**]│  .386[**]│  .404[**]│  .513[**]│  .663[**]│         1│
│           Sig. (2-tailed)    │      .000│      .001│      .000│      .000│      .000│          │
│           N                  │        74│        74│        74│        74│        74│        74│
╰──────────────────────────────┴──────────┴──────────┴──────────┴──────────┴──────────┴──────────╯
*. Correlation is significant at the 0.05 level (2-tailed).
**. Correlation is significant at the 0.01 level (2-tailed).
