                                 Coefficients[a]
╭────────────┬────────────────────────────┬─────────────────────────┬──────┬────╮
│            │ Unstandardized Coefficients│Standardized Coefficients│      │    │
│            ├────────────┬───────────────┼─────────────────────────┤      │    │
│Model       │      B     │   Std. Error  │           Beta          │   t  │Sig.│
├────────────┼────────────┼───────────────┼─────────────────────────┼──────┼────┤
│1 (Constant)│      59.146│         18.854│                         │ 3.137│.016│
│  Variable A│       -.664│           .585│                    -.395│-1.136│.293│
╰────────────┴────────────┴───────────────┴─────────────────────────┴──────┴────╯
a. Dependent Variable: A
